TEST Profiler Report

----------------------------------------------------------------------------------------------------------------------------------------------------------------------------------------------------------------------------------------------------------------------------------
|  Action                                                                                                                                                               	|  Mean duration (s)	|  Num calls      	|  Total time (s) 	|  Percentage %   	|
----------------------------------------------------------------------------------------------------------------------------------------------------------------------------------------------------------------------------------------------------------------------------------
|  Total                                                                                                                                                                	|  -              	|  51610          	|  383.27         	|  100 %          	|
----------------------------------------------------------------------------------------------------------------------------------------------------------------------------------------------------------------------------------------------------------------------------------
|  run_training_epoch                                                                                                                                                   	|  76.773         	|  3              	|  230.32         	|  60.092         	|
|  [LightningDataModule]SimpleShapesDataModule.setup                                                                                                                    	|  14.274         	|  3              	|  42.821         	|  11.172         	|
|  run_training_batch                                                                                                                                                   	|  0.046733       	|  729            	|  34.069         	|  8.8888         	|
|  [LightningModule]GlobalWorkspace.optimizer_step                                                                                                                      	|  0.046217       	|  729            	|  33.692         	|  8.7907         	|
|  [Strategy]SingleDeviceStrategy.training_step                                                                                                                         	|  0.026752       	|  729            	|  19.502         	|  5.0884         	|
|  [Strategy]SingleDeviceStrategy.backward                                                                                                                              	|  0.016804       	|  729            	|  12.25          	|  3.1963         	|
|  [Callback]RichProgressBar.on_train_batch_end                                                                                                                         	|  0.0036785      	|  729            	|  2.6816         	|  0.69966        	|
|  [Strategy]SingleDeviceStrategy.validation_step                                                                                                                       	|  0.02489        	|  102            	|  2.5388         	|  0.6624         	|
|  [Callback]LogGWImagesCallback.on_validation_epoch_end                                                                                                                	|  0.14963        	|  15             	|  2.2445         	|  0.58561        	|
|  [Callback]LogGWImagesCallback.setup                                                                                                                                  	|  0.24086        	|  9              	|  2.1678         	|  0.56559        	|
|  [Callback]LogGWImagesCallback.on_train_end                                                                                                                           	|  0.62639        	|  3              	|  1.8792         	|  0.49029        	|
|  [_TrainingEpochLoop].train_dataloader_next                                                                                                                           	|  0.0022879      	|  729            	|  1.6679         	|  0.43516        	|
|  [Strategy]SingleDeviceStrategy.batch_to_device                                                                                                                       	|  0.0014347      	|  856            	|  1.2281         	|  0.32043        	|
|  [LightningModule]GlobalWorkspace.transfer_batch_to_device                                                                                                            	|  0.0013604      	|  856            	|  1.1645         	|  0.30383        	|
|  [Callback]LogGWImagesCallback.on_test_epoch_end                                                                                                                      	|  0.30858        	|  3              	|  0.92575        	|  0.24154        	|
|  [Callback]LogGWImagesCallback.on_train_epoch_end                                                                                                                     	|  0.097799       	|  9              	|  0.88019        	|  0.22965        	|
|  [_EvaluationLoop].val_next                                                                                                                                           	|  0.0080544      	|  102            	|  0.82155        	|  0.21435        	|
|  [Strategy]SingleDeviceStrategy.test_step                                                                                                                             	|  0.021226       	|  25             	|  0.53065        	|  0.13845        	|
|  [Callback]ModelCheckpoint{'monitor': 'val/loss', 'mode': 'min', 'every_n_train_steps': 0, 'every_n_epochs': 1, 'train_time_interval': None}.on_train_epoch_end       	|  0.15362        	|  3              	|  0.46087        	|  0.12025        	|
|  [Callback]RichProgressBar.on_validation_batch_end                                                                                                                    	|  0.004198       	|  102            	|  0.4282         	|  0.11172        	|
|  [_EvaluationLoop].test_next                                                                                                                                          	|  0.013691       	|  25             	|  0.34228        	|  0.089304       	|
|  [LightningModule]GlobalWorkspace.optimizer_zero_grad                                                                                                                 	|  0.00023674     	|  729            	|  0.17258        	|  0.045028       	|
|  [Callback]RichProgressBar.on_test_batch_end                                                                                                                          	|  0.0031326      	|  25             	|  0.078314       	|  0.020433       	|
|  [Callback]RichProgressBar.on_validation_batch_start                                                                                                                  	|  0.00023055     	|  102            	|  0.023516       	|  0.0061356      	|
|  [LightningModule]GlobalWorkspace.configure_gradient_clipping                                                                                                         	|  3.031e-05      	|  729            	|  0.022096       	|  0.005765       	|
|  [Callback]LearningRateMonitor.on_train_batch_start                                                                                                                   	|  2.7225e-05     	|  729            	|  0.019847       	|  0.0051782      	|
|  [Callback]ModelCheckpoint{'monitor': 'val/loss', 'mode': 'min', 'every_n_train_steps': 0, 'every_n_epochs': 1, 'train_time_interval': None}.on_train_batch_end       	|  2.2364e-05     	|  729            	|  0.016303       	|  0.0042537      	|
|  [Callback]RichProgressBar.on_train_epoch_start                                                                                                                       	|  0.0049643      	|  3              	|  0.014893       	|  0.0038857      	|
|  [Callback]RichModelSummary.on_fit_start                                                                                                                              	|  0.011122       	|  1              	|  0.011122       	|  0.0029018      	|
|  [Callback]RichProgressBar.teardown                                                                                                                                   	|  0.0024287      	|  3              	|  0.007286       	|  0.001901       	|
|  [LightningModule]GlobalWorkspace.on_validation_model_zero_grad                                                                                                       	|  0.0020993      	|  3              	|  0.0062978      	|  0.0016431      	|
|  [LightningModule]GlobalWorkspace.on_validation_model_eval                                                                                                            	|  0.0012274      	|  5              	|  0.0061372      	|  0.0016012      	|
|  [Callback]RichProgressBar.on_validation_epoch_end                                                                                                                    	|  0.0010289      	|  5              	|  0.0051446      	|  0.0013423      	|
|  [Callback]RichProgressBar.on_test_batch_start                                                                                                                        	|  0.00019706     	|  25             	|  0.0049266      	|  0.0012854      	|
|  [Callback]LogGWImagesCallback.on_after_backward                                                                                                                      	|  1.9879e-06     	|  2187           	|  0.0043474      	|  0.0011343      	|
|  [Callback]RichProgressBar.on_validation_start                                                                                                                        	|  0.00082764     	|  5              	|  0.0041382      	|  0.0010797      	|
|  [Callback]RichProgressBar.on_test_start                                                                                                                              	|  0.0038502      	|  1              	|  0.0038502      	|  0.0010045      	|
|  [Callback]LogGWImagesCallback.on_before_optimizer_step                                                                                                               	|  1.5957e-06     	|  2187           	|  0.0034897      	|  0.0009105      	|
|  [Callback]LearningRateMonitor.on_after_backward                                                                                                                      	|  4.6581e-06     	|  729            	|  0.0033958      	|  0.00088599     	|
|  [Callback]LogGWImagesCallback.on_train_batch_start                                                                                                                   	|  1.5313e-06     	|  2187           	|  0.003349       	|  0.00087379     	|
|  [Callback]LogGWImagesCallback.on_before_zero_grad                                                                                                                    	|  1.5261e-06     	|  2187           	|  0.0033375      	|  0.0008708      	|
|  [Callback]LogGWImagesCallback.on_train_batch_end                                                                                                                     	|  1.4697e-06     	|  2187           	|  0.0032143      	|  0.00083864     	|
|  [Callback]SaveMigrations.on_train_batch_end                                                                                                                          	|  4.0959e-06     	|  729            	|  0.0029859      	|  0.00077905     	|
|  [Callback]LearningRateMonitor.on_before_optimizer_step                                                                                                               	|  3.9069e-06     	|  729            	|  0.0028481      	|  0.0007431      	|
|  [Callback]LogGWImagesCallback.on_before_backward                                                                                                                     	|  1.2951e-06     	|  2187           	|  0.0028324      	|  0.000739       	|
|  [Callback]LearningRateMonitor.on_before_zero_grad                                                                                                                    	|  3.4594e-06     	|  729            	|  0.0025219      	|  0.00065798     	|
|  [Callback]LearningRateMonitor.on_train_batch_end                                                                                                                     	|  2.9324e-06     	|  729            	|  0.0021377      	|  0.00055775     	|
|  [Callback]LearningRateMonitor.on_before_backward                                                                                                                     	|  2.9239e-06     	|  729            	|  0.0021315      	|  0.00055613     	|
|  [LightningDataModule]SimpleShapesDataModule.train_dataloader                                                                                                         	|  0.0020682      	|  1              	|  0.0020682      	|  0.00053962     	|
|  [LightningDataModule]SimpleShapesDataModule.val_dataloader                                                                                                           	|  0.00069817     	|  2              	|  0.0013963      	|  0.00036432     	|
|  [LightningModule]GlobalWorkspace.on_test_model_eval                                                                                                                  	|  0.001368       	|  1              	|  0.001368       	|  0.00035693     	|
|  [Callback]ModelCheckpoint{'monitor': 'val/loss', 'mode': 'min', 'every_n_train_steps': 0, 'every_n_epochs': 1, 'train_time_interval': None}.on_after_backward        	|  1.8362e-06     	|  729            	|  0.0013386      	|  0.00034925     	|
|  [Callback]RichProgressBar.on_sanity_check_start                                                                                                                      	|  0.0013115      	|  1              	|  0.0013115      	|  0.00034217     	|
|  [LightningModule]GlobalWorkspace.on_before_batch_transfer                                                                                                            	|  1.5202e-06     	|  856            	|  0.0013013      	|  0.00033953     	|
|  [Callback]RichProgressBar.on_before_optimizer_step                                                                                                                   	|  1.7082e-06     	|  729            	|  0.0012453      	|  0.00032491     	|
|  [LightningModule]GlobalWorkspace.on_after_batch_transfer                                                                                                             	|  1.4472e-06     	|  856            	|  0.0012388      	|  0.00032323     	|
|  [Callback]ModelCheckpoint{'monitor': 'val/loss', 'mode': 'min', 'every_n_train_steps': 0, 'every_n_epochs': 1, 'train_time_interval': None}.on_before_optimizer_step 	|  1.6769e-06     	|  729            	|  0.0012224      	|  0.00031894     	|
|  [Callback]RichModelSummary.on_train_batch_end                                                                                                                        	|  1.6366e-06     	|  729            	|  0.0011931      	|  0.00031129     	|
|  [Callback]SaveMigrations.on_before_optimizer_step                                                                                                                    	|  1.5827e-06     	|  729            	|  0.0011538      	|  0.00030104     	|
|  [Callback]RichProgressBar.on_after_backward                                                                                                                          	|  1.5706e-06     	|  729            	|  0.001145       	|  0.00029874     	|
|  [LightningModule]GlobalWorkspace.on_after_backward                                                                                                                   	|  1.5508e-06     	|  729            	|  0.0011305      	|  0.00029497     	|
|  [Callback]RichModelSummary.on_after_backward                                                                                                                         	|  1.5466e-06     	|  729            	|  0.0011274      	|  0.00029416     	|
|  [Callback]SaveMigrations.on_after_backward                                                                                                                           	|  1.4937e-06     	|  729            	|  0.0010889      	|  0.0002841      	|
|  [Callback]ModelCheckpoint{'monitor': 'val/loss', 'mode': 'min', 'every_n_train_steps': 0, 'every_n_epochs': 1, 'train_time_interval': None}.on_train_batch_start     	|  1.4283e-06     	|  729            	|  0.0010412      	|  0.00027167     	|
|  [Callback]RichProgressBar.on_before_backward                                                                                                                         	|  1.3998e-06     	|  729            	|  0.0010204      	|  0.00026624     	|
|  [LightningModule]GlobalWorkspace.on_train_batch_end                                                                                                                  	|  1.3992e-06     	|  729            	|  0.00102        	|  0.00026614     	|
|  [Callback]ModelCheckpoint{'monitor': 'val/loss', 'mode': 'min', 'every_n_train_steps': 0, 'every_n_epochs': 1, 'train_time_interval': None}.on_before_zero_grad      	|  1.3927e-06     	|  729            	|  0.0010153      	|  0.0002649      	|
|  [Callback]RichModelSummary.on_before_optimizer_step                                                                                                                  	|  1.3767e-06     	|  729            	|  0.0010036      	|  0.00026185     	|
|  [Callback]SaveMigrations.on_train_batch_start                                                                                                                        	|  1.3594e-06     	|  729            	|  0.00099097     	|  0.00025855     	|
|  [Callback]ModelCheckpoint{'monitor': 'val/loss', 'mode': 'min', 'every_n_train_steps': 0, 'every_n_epochs': 1, 'train_time_interval': None}.on_before_backward       	|  1.3563e-06     	|  729            	|  0.00098876     	|  0.00025798     	|
|  [Callback]RichModelSummary.on_train_batch_start                                                                                                                      	|  1.3022e-06     	|  729            	|  0.0009493      	|  0.00024768     	|
|  [Callback]SaveMigrations.on_before_backward                                                                                                                          	|  1.2999e-06     	|  729            	|  0.00094761     	|  0.00024724     	|
|  [Callback]RichModelSummary.on_before_backward                                                                                                                        	|  1.2937e-06     	|  729            	|  0.00094314     	|  0.00024607     	|
|  [Callback]RichProgressBar.on_train_batch_start                                                                                                                       	|  1.268e-06      	|  729            	|  0.00092439     	|  0.00024118     	|
|  [LightningModule]GlobalWorkspace.on_before_optimizer_step                                                                                                            	|  1.2528e-06     	|  729            	|  0.00091331     	|  0.00023829     	|
|  [Callback]RichProgressBar.on_before_zero_grad                                                                                                                        	|  1.226e-06      	|  729            	|  0.00089378     	|  0.0002332      	|
|  [LightningModule]GlobalWorkspace.on_before_zero_grad                                                                                                                 	|  1.1962e-06     	|  729            	|  0.00087203     	|  0.00022752     	|
|  [Callback]SaveMigrations.on_before_zero_grad                                                                                                                         	|  1.1854e-06     	|  729            	|  0.00086414     	|  0.00022546     	|
|  [Callback]RichModelSummary.on_before_zero_grad                                                                                                                       	|  1.1671e-06     	|  729            	|  0.00085084     	|  0.00022199     	|
|  [Callback]ModelCheckpoint{'monitor': 'val/loss', 'mode': 'min', 'every_n_train_steps': 0, 'every_n_epochs': 1, 'train_time_interval': None}.setup                    	|  0.00027601     	|  3              	|  0.00082804     	|  0.00021604     	|
|  [LightningModule]GlobalWorkspace.on_train_batch_start                                                                                                                	|  1.12e-06       	|  729            	|  0.00081645     	|  0.00021302     	|
|  [LightningModule]GlobalWorkspace.on_before_backward                                                                                                                  	|  1.105e-06      	|  729            	|  0.00080555     	|  0.00021018     	|
|  [Callback]RichProgressBar.on_validation_end                                                                                                                          	|  0.00016048     	|  5              	|  0.00080239     	|  0.00020935     	|
|  [Callback]RichProgressBar.on_sanity_check_end                                                                                                                        	|  0.00079501     	|  1              	|  0.00079501     	|  0.00020743     	|
|  [Strategy]SingleDeviceStrategy.on_train_batch_start                                                                                                                  	|  1.0674e-06     	|  729            	|  0.00077813     	|  0.00020302     	|
|  [LightningModule]GlobalWorkspace.configure_optimizers                                                                                                                	|  0.00052223     	|  1              	|  0.00052223     	|  0.00013625     	|
|  [Callback]LogGWImagesCallback.on_validation_batch_end                                                                                                                	|  1.3624e-06     	|  306            	|  0.0004169      	|  0.00010877     	|
|  [Callback]LogGWImagesCallback.on_validation_batch_start                                                                                                              	|  1.3016e-06     	|  306            	|  0.00039828     	|  0.00010391     	|
|  [Callback]SaveMigrations.on_validation_batch_end                                                                                                                     	|  3.7365e-06     	|  102            	|  0.00038113     	|  9.944e-05      	|
|  [LightningDataModule]SimpleShapesDataModule.test_dataloader                                                                                                          	|  0.00037474     	|  1              	|  0.00037474     	|  9.7773e-05     	|
|  [Callback]RichProgressBar.on_train_epoch_end                                                                                                                         	|  0.00011621     	|  3              	|  0.00034864     	|  9.0964e-05     	|
|  [Callback]ModelCheckpoint{'monitor': 'val/loss', 'mode': 'min', 'every_n_train_steps': 0, 'every_n_epochs': 1, 'train_time_interval': None}.on_validation_end        	|  6.5649e-05     	|  5              	|  0.00032825     	|  8.5643e-05     	|
|  [Callback]LearningRateMonitor.on_validation_batch_end                                                                                                                	|  2.7154e-06     	|  102            	|  0.00027698     	|  7.2266e-05     	|
|  [Callback]LearningRateMonitor.on_validation_batch_start                                                                                                              	|  2.1765e-06     	|  102            	|  0.000222       	|  5.7923e-05     	|
|  [Callback]LearningRateMonitor.on_train_start                                                                                                                         	|  0.00020331     	|  1              	|  0.00020331     	|  5.3046e-05     	|
|  [Callback]RichModelSummary.on_validation_batch_end                                                                                                                   	|  1.656e-06      	|  102            	|  0.00016892     	|  4.4072e-05     	|
|  [Callback]ModelCheckpoint{'monitor': 'val/loss', 'mode': 'min', 'every_n_train_steps': 0, 'every_n_epochs': 1, 'train_time_interval': None}.on_validation_batch_end  	|  1.4871e-06     	|  102            	|  0.00015169     	|  3.9576e-05     	|
|  [Callback]SaveMigrations.on_validation_batch_start                                                                                                                   	|  1.4035e-06     	|  102            	|  0.00014316     	|  3.7352e-05     	|
|  [Callback]ModelCheckpoint{'monitor': 'val/loss', 'mode': 'min', 'every_n_train_steps': 0, 'every_n_epochs': 1, 'train_time_interval': None}.on_validation_batch_start	|  1.3298e-06     	|  102            	|  0.00013564     	|  3.539e-05      	|
|  [LightningModule]GlobalWorkspace.on_validation_batch_end                                                                                                             	|  1.3174e-06     	|  102            	|  0.00013438     	|  3.5061e-05     	|
|  [Callback]RichModelSummary.on_validation_batch_start                                                                                                                 	|  1.2419e-06     	|  102            	|  0.00012667     	|  3.305e-05      	|
|  [Callback]LogGWImagesCallback.on_test_batch_end                                                                                                                      	|  1.5529e-06     	|  75             	|  0.00011646     	|  3.0387e-05     	|
|  [Callback]LogGWImagesCallback.on_test_batch_start                                                                                                                    	|  1.4831e-06     	|  75             	|  0.00011123     	|  2.9021e-05     	|
|  [LightningModule]GlobalWorkspace.on_validation_batch_start                                                                                                           	|  1.0272e-06     	|  102            	|  0.00010477     	|  2.7337e-05     	|
|  [Callback]SaveMigrations.on_test_batch_end                                                                                                                           	|  3.8099e-06     	|  25             	|  9.5248e-05     	|  2.4851e-05     	|
|  [Callback]SaveMigrations.on_save_checkpoint                                                                                                                          	|  2.456e-05      	|  3              	|  7.3679e-05     	|  1.9224e-05     	|
|  [Callback]LearningRateMonitor.on_test_batch_end                                                                                                                      	|  2.6588e-06     	|  25             	|  6.647e-05      	|  1.7343e-05     	|
|  [Callback]LearningRateMonitor.on_test_batch_start                                                                                                                    	|  2.0283e-06     	|  25             	|  5.0709e-05     	|  1.323e-05      	|
|  [Callback]ModelCheckpoint{'monitor': 'val/loss', 'mode': 'min', 'every_n_train_steps': 0, 'every_n_epochs': 1, 'train_time_interval': None}.on_test_batch_end        	|  1.6561e-06     	|  25             	|  4.1403e-05     	|  1.0802e-05     	|
|  [Callback]RichModelSummary.on_test_batch_end                                                                                                                         	|  1.5961e-06     	|  25             	|  3.9902e-05     	|  1.0411e-05     	|
|  [Callback]ModelCheckpoint{'monitor': 'val/loss', 'mode': 'min', 'every_n_train_steps': 0, 'every_n_epochs': 1, 'train_time_interval': None}.on_test_batch_start      	|  1.4445e-06     	|  25             	|  3.6113e-05     	|  9.4222e-06     	|
|  [Callback]LearningRateMonitor.on_validation_start                                                                                                                    	|  7.2107e-06     	|  5              	|  3.6053e-05     	|  9.4067e-06     	|
|  [Callback]RichProgressBar.setup                                                                                                                                      	|  1.1659e-05     	|  3              	|  3.4977e-05     	|  9.1258e-06     	|
|  [Callback]SaveMigrations.on_test_batch_start                                                                                                                         	|  1.3557e-06     	|  25             	|  3.3893e-05     	|  8.8429e-06     	|
|  [Callback]RichModelSummary.on_test_batch_start                                                                                                                       	|  1.1615e-06     	|  25             	|  2.9039e-05     	|  7.5765e-06     	|
|  [LightningModule]GlobalWorkspace.on_test_batch_end                                                                                                                   	|  1.1353e-06     	|  25             	|  2.8383e-05     	|  7.4054e-06     	|
|  [Callback]RichProgressBar.on_train_start                                                                                                                             	|  2.8212e-05     	|  1              	|  2.8212e-05     	|  7.3607e-06     	|
|  [Callback]LearningRateMonitor.on_train_epoch_start                                                                                                                   	|  8.8612e-06     	|  3              	|  2.6584e-05     	|  6.9359e-06     	|
|  [LightningModule]GlobalWorkspace.on_test_batch_start                                                                                                                 	|  1.01e-06       	|  25             	|  2.525e-05      	|  6.588e-06      	|
|  [Strategy]SingleDeviceStrategy.on_validation_start                                                                                                                   	|  4.7021e-06     	|  5              	|  2.351e-05      	|  6.1341e-06     	|
|  [LightningModule]GlobalWorkspace.on_validation_start                                                                                                                 	|  4.6067e-06     	|  5              	|  2.3033e-05     	|  6.0097e-06     	|
|  [Callback]LogGWImagesCallback.on_validation_start                                                                                                                    	|  1.3808e-06     	|  15             	|  2.0713e-05     	|  5.4041e-06     	|
|  [Callback]LogGWImagesCallback.on_validation_end                                                                                                                      	|  1.2668e-06     	|  15             	|  1.9003e-05     	|  4.958e-06      	|
|  [Callback]LogGWImagesCallback.on_validation_epoch_start                                                                                                              	|  1.1911e-06     	|  15             	|  1.7866e-05     	|  4.6615e-06     	|
|  [Callback]LearningRateMonitor.setup                                                                                                                                  	|  5.9307e-06     	|  3              	|  1.7792e-05     	|  4.6421e-06     	|
|  [Callback]LogGWImagesCallback.on_train_epoch_start                                                                                                                   	|  1.777e-06      	|  9              	|  1.5993e-05     	|  4.1726e-06     	|
|  [Callback]LearningRateMonitor.on_validation_end                                                                                                                      	|  3.1456e-06     	|  5              	|  1.5728e-05     	|  4.1036e-06     	|
|  [Callback]LearningRateMonitor.on_validation_epoch_end                                                                                                                	|  3.1009e-06     	|  5              	|  1.5505e-05     	|  4.0453e-06     	|
|  [Callback]SaveMigrations.on_validation_epoch_end                                                                                                                     	|  2.9519e-06     	|  5              	|  1.476e-05      	|  3.8509e-06     	|
|  [Callback]RichProgressBar.on_train_end                                                                                                                               	|  1.4689e-05     	|  1              	|  1.4689e-05     	|  3.8325e-06     	|
|  [Callback]SaveMigrations.teardown                                                                                                                                    	|  4.7584e-06     	|  3              	|  1.4275e-05     	|  3.7246e-06     	|
|  [Callback]SaveMigrations.on_train_epoch_start                                                                                                                        	|  4.5424e-06     	|  3              	|  1.3627e-05     	|  3.5555e-06     	|
|  [Callback]LogGWImagesCallback.teardown                                                                                                                               	|  1.5083e-06     	|  9              	|  1.3575e-05     	|  3.5418e-06     	|
|  [Callback]LearningRateMonitor.teardown                                                                                                                               	|  4.2754e-06     	|  3              	|  1.2826e-05     	|  3.3465e-06     	|
|  [Callback]LearningRateMonitor.on_test_end                                                                                                                            	|  1.163e-05      	|  1              	|  1.163e-05      	|  3.0345e-06     	|
|  [Callback]SaveMigrations.on_validation_end                                                                                                                           	|  2.1823e-06     	|  5              	|  1.0911e-05     	|  2.8469e-06     	|
|  [LightningModule]GlobalWorkspace.configure_callbacks                                                                                                                 	|  3.4596e-06     	|  3              	|  1.0379e-05     	|  2.7079e-06     	|
|  [Callback]LogGWImagesCallback.on_save_checkpoint                                                                                                                     	|  1.1325e-06     	|  9              	|  1.0192e-05     	|  2.6593e-06     	|
|  [LightningDataModule]SimpleShapesDataModule.teardown                                                                                                                 	|  3.3962e-06     	|  3              	|  1.0189e-05     	|  2.6583e-06     	|
|  [Callback]SaveMigrations.on_validation_start                                                                                                                         	|  1.9386e-06     	|  5              	|  9.6932e-06     	|  2.5291e-06     	|
|  [Callback]ModelCheckpoint{'monitor': 'val/loss', 'mode': 'min', 'every_n_train_steps': 0, 'every_n_epochs': 1, 'train_time_interval': None}.on_train_start           	|  9.6858e-06     	|  1              	|  9.6858e-06     	|  2.5271e-06     	|
|  [Callback]LearningRateMonitor.on_sanity_check_end                                                                                                                    	|  9.6373e-06     	|  1              	|  9.6373e-06     	|  2.5145e-06     	|
|  [Callback]LogGWImagesCallback.on_train_start                                                                                                                         	|  3.0212e-06     	|  3              	|  9.0636e-06     	|  2.3648e-06     	|
|  [Callback]LearningRateMonitor.on_train_epoch_end                                                                                                                     	|  2.8635e-06     	|  3              	|  8.5905e-06     	|  2.2414e-06     	|
|  [Callback]LearningRateMonitor.on_validation_epoch_start                                                                                                              	|  1.6943e-06     	|  5              	|  8.4713e-06     	|  2.2102e-06     	|
|  [Callback]SaveMigrations.setup                                                                                                                                       	|  2.7257e-06     	|  3              	|  8.177e-06      	|  2.1335e-06     	|
|  [LightningModule]GlobalWorkspace.on_validation_end                                                                                                                   	|  1.5505e-06     	|  5              	|  7.7523e-06     	|  2.0227e-06     	|
|  [LightningModule]GlobalWorkspace.on_validation_epoch_end                                                                                                             	|  1.54e-06       	|  5              	|  7.7002e-06     	|  2.0091e-06     	|
|  [Callback]LearningRateMonitor.on_fit_end                                                                                                                             	|  7.6555e-06     	|  1              	|  7.6555e-06     	|  1.9974e-06     	|
|  [LightningModule]GlobalWorkspace.on_train_epoch_start                                                                                                                	|  2.5481e-06     	|  3              	|  7.6443e-06     	|  1.9945e-06     	|
|  [LightningModule]GlobalWorkspace.setup                                                                                                                               	|  2.5245e-06     	|  3              	|  7.5735e-06     	|  1.976e-06      	|
|  [Strategy]SingleDeviceStrategy.on_validation_end                                                                                                                     	|  1.4618e-06     	|  5              	|  7.309e-06      	|  1.907e-06      	|
|  [Callback]ModelCheckpoint{'monitor': 'val/loss', 'mode': 'min', 'every_n_train_steps': 0, 'every_n_epochs': 1, 'train_time_interval': None}.on_validation_start      	|  1.4186e-06     	|  5              	|  7.093e-06      	|  1.8506e-06     	|
|  [Callback]SaveMigrations.on_train_epoch_end                                                                                                                          	|  2.3221e-06     	|  3              	|  6.9663e-06     	|  1.8176e-06     	|
|  [Callback]LearningRateMonitor.on_save_checkpoint                                                                                                                     	|  2.2377e-06     	|  3              	|  6.713e-06      	|  1.7515e-06     	|
|  [Callback]RichModelSummary.on_validation_start                                                                                                                       	|  1.3411e-06     	|  5              	|  6.7055e-06     	|  1.7495e-06     	|
|  [Callback]ModelCheckpoint{'monitor': 'val/loss', 'mode': 'min', 'every_n_train_steps': 0, 'every_n_epochs': 1, 'train_time_interval': None}.on_validation_epoch_start	|  1.3255e-06     	|  5              	|  6.6273e-06     	|  1.7291e-06     	|
|  [Callback]ModelCheckpoint{'monitor': 'val/loss', 'mode': 'min', 'every_n_train_steps': 0, 'every_n_epochs': 1, 'train_time_interval': None}.on_validation_epoch_end  	|  1.3255e-06     	|  5              	|  6.6273e-06     	|  1.7291e-06     	|
|  [Callback]RichProgressBar.on_test_end                                                                                                                                	|  6.6236e-06     	|  1              	|  6.6236e-06     	|  1.7282e-06     	|
|  [Callback]RichModelSummary.on_validation_epoch_end                                                                                                                   	|  1.2778e-06     	|  5              	|  6.3889e-06     	|  1.6669e-06     	|
|  [Callback]RichModelSummary.on_validation_end                                                                                                                         	|  1.2636e-06     	|  5              	|  6.3181e-06     	|  1.6485e-06     	|
|  [Callback]LearningRateMonitor.on_test_start                                                                                                                          	|  6.251e-06      	|  1              	|  6.251e-06      	|  1.631e-06      	|
|  [LightningModule]GlobalWorkspace.on_validation_epoch_start                                                                                                           	|  1.207e-06      	|  5              	|  6.035e-06      	|  1.5746e-06     	|
|  [LightningModule]GlobalWorkspace.on_train_start                                                                                                                      	|  6.0014e-06     	|  1              	|  6.0014e-06     	|  1.5658e-06     	|
|  [Callback]RichProgressBar.on_validation_epoch_start                                                                                                                  	|  1.1422e-06     	|  5              	|  5.7109e-06     	|  1.49e-06       	|
|  [LightningDataModule]SimpleShapesDataModule.state_dict                                                                                                               	|  1.8825e-06     	|  3              	|  5.6475e-06     	|  1.4735e-06     	|
|  [Callback]SaveMigrations.on_validation_epoch_start                                                                                                                   	|  1.1235e-06     	|  5              	|  5.6177e-06     	|  1.4657e-06     	|
|  [Callback]RichModelSummary.on_train_epoch_start                                                                                                                      	|  1.8502e-06     	|  3              	|  5.5507e-06     	|  1.4482e-06     	|
|  [Callback]RichModelSummary.on_validation_epoch_start                                                                                                                 	|  1.061e-06      	|  5              	|  5.3048e-06     	|  1.3841e-06     	|
|  [Callback]RichModelSummary.teardown                                                                                                                                  	|  1.7571e-06     	|  3              	|  5.2713e-06     	|  1.3753e-06     	|
|  [LightningModule]GlobalWorkspace.on_test_start                                                                                                                       	|  5.018e-06      	|  1              	|  5.018e-06      	|  1.3092e-06     	|
|  [Strategy]SingleDeviceStrategy.on_test_start                                                                                                                         	|  4.9435e-06     	|  1              	|  4.9435e-06     	|  1.2898e-06     	|
|  [Callback]ModelCheckpoint{'monitor': 'val/loss', 'mode': 'min', 'every_n_train_steps': 0, 'every_n_epochs': 1, 'train_time_interval': None}.teardown                 	|  1.6391e-06     	|  3              	|  4.9174e-06     	|  1.283e-06      	|
|  [Callback]RichModelSummary.on_save_checkpoint                                                                                                                        	|  1.6366e-06     	|  3              	|  4.9099e-06     	|  1.2811e-06     	|
|  [LightningModule]GlobalWorkspace.on_load_checkpoint                                                                                                                  	|  2.4084e-06     	|  2              	|  4.8168e-06     	|  1.2568e-06     	|
|  [Callback]ModelCheckpoint{'monitor': 'val/loss', 'mode': 'min', 'every_n_train_steps': 0, 'every_n_epochs': 1, 'train_time_interval': None}.on_train_epoch_start     	|  1.5125e-06     	|  3              	|  4.5374e-06     	|  1.1839e-06     	|
|  [Callback]RichModelSummary.setup                                                                                                                                     	|  1.4417e-06     	|  3              	|  4.3251e-06     	|  1.1285e-06     	|
|  [Callback]LearningRateMonitor.on_train_end                                                                                                                           	|  4.2468e-06     	|  1              	|  4.2468e-06     	|  1.108e-06      	|
|  [Callback]ModelCheckpoint{'monitor': 'val/loss', 'mode': 'min', 'every_n_train_steps': 0, 'every_n_epochs': 1, 'train_time_interval': None}.on_save_checkpoint       	|  1.3808e-06     	|  3              	|  4.1425e-06     	|  1.0808e-06     	|
|  [Callback]LogGWImagesCallback.on_sanity_check_end                                                                                                                    	|  1.3734e-06     	|  3              	|  4.1202e-06     	|  1.075e-06      	|
|  [LightningModule]GlobalWorkspace.teardown                                                                                                                            	|  1.3684e-06     	|  3              	|  4.1053e-06     	|  1.0711e-06     	|
|  [Callback]LogGWImagesCallback.on_fit_end                                                                                                                             	|  1.3647e-06     	|  3              	|  4.0941e-06     	|  1.0682e-06     	|
|  [Callback]LogGWImagesCallback.on_fit_start                                                                                                                           	|  1.3498e-06     	|  3              	|  4.0494e-06     	|  1.0565e-06     	|
|  [Callback]RichModelSummary.on_train_epoch_end                                                                                                                        	|  1.3361e-06     	|  3              	|  4.0084e-06     	|  1.0458e-06     	|
|  [LightningModule]GlobalWorkspace.on_train_epoch_end                                                                                                                  	|  1.3299e-06     	|  3              	|  3.9898e-06     	|  1.041e-06      	|
|  [Callback]LogGWImagesCallback.on_test_end                                                                                                                            	|  1.2964e-06     	|  3              	|  3.8892e-06     	|  1.0147e-06     	|
|  [Callback]LogGWImagesCallback.on_test_start                                                                                                                          	|  1.2927e-06     	|  3              	|  3.878e-06      	|  1.0118e-06     	|
|  [Callback]LogGWImagesCallback.on_sanity_check_start                                                                                                                  	|  1.2865e-06     	|  3              	|  3.8594e-06     	|  1.007e-06      	|
|  [Callback]LearningRateMonitor.on_sanity_check_start                                                                                                                  	|  3.7551e-06     	|  1              	|  3.7551e-06     	|  9.7974e-07     	|
|  [Callback]ModelCheckpoint{'monitor': 'val/loss', 'mode': 'min', 'every_n_train_steps': 0, 'every_n_epochs': 1, 'train_time_interval': None}.on_fit_start             	|  3.7365e-06     	|  1              	|  3.7365e-06     	|  9.7488e-07     	|
|  [Callback]LogGWImagesCallback.on_test_epoch_start                                                                                                                    	|  1.2194e-06     	|  3              	|  3.6582e-06     	|  9.5447e-07     	|
|  [Strategy]SingleDeviceStrategy.on_train_start                                                                                                                        	|  3.6359e-06     	|  1              	|  3.6359e-06     	|  9.4864e-07     	|
|  [Callback]RichProgressBar.on_save_checkpoint                                                                                                                         	|  1.1983e-06     	|  3              	|  3.5949e-06     	|  9.3795e-07     	|
|  [Callback]SaveMigrations.on_test_start                                                                                                                               	|  3.5428e-06     	|  1              	|  3.5428e-06     	|  9.2434e-07     	|
|  [Callback]SaveMigrations.on_sanity_check_start                                                                                                                       	|  3.3453e-06     	|  1              	|  3.3453e-06     	|  8.7283e-07     	|
|  [Callback]LearningRateMonitor.on_test_epoch_end                                                                                                                      	|  3.3267e-06     	|  1              	|  3.3267e-06     	|  8.6797e-07     	|
|  [Callback]LearningRateMonitor.on_fit_start                                                                                                                           	|  3.2447e-06     	|  1              	|  3.2447e-06     	|  8.4658e-07     	|
|  [Callback]SaveMigrations.on_sanity_check_end                                                                                                                         	|  3.0287e-06     	|  1              	|  3.0287e-06     	|  7.9021e-07     	|
|  [Callback]RichProgressBar.on_test_epoch_end                                                                                                                          	|  2.9169e-06     	|  1              	|  2.9169e-06     	|  7.6105e-07     	|
|  [LightningModule]GlobalWorkspace.on_save_checkpoint                                                                                                                  	|  8.9407e-07     	|  3              	|  2.6822e-06     	|  6.9982e-07     	|
|  [LightningModule]GlobalWorkspace.on_test_end                                                                                                                         	|  2.1048e-06     	|  1              	|  2.1048e-06     	|  5.4916e-07     	|
|  [Strategy]SingleDeviceStrategy.on_test_end                                                                                                                           	|  1.9521e-06     	|  1              	|  1.9521e-06     	|  5.0931e-07     	|
|  [Strategy]SingleDeviceStrategy.on_train_end                                                                                                                          	|  1.803e-06      	|  1              	|  1.803e-06      	|  4.7043e-07     	|
|  [Callback]RichModelSummary.on_test_start                                                                                                                             	|  1.7993e-06     	|  1              	|  1.7993e-06     	|  4.6946e-07     	|
|  [Callback]LearningRateMonitor.on_test_epoch_start                                                                                                                    	|  1.7248e-06     	|  1              	|  1.7248e-06     	|  4.5002e-07     	|
|  [LightningModule]GlobalWorkspace.on_fit_start                                                                                                                        	|  1.6838e-06     	|  1              	|  1.6838e-06     	|  4.3933e-07     	|
|  [Callback]RichModelSummary.on_sanity_check_start                                                                                                                     	|  1.6466e-06     	|  1              	|  1.6466e-06     	|  4.2961e-07     	|
|  [LightningModule]GlobalWorkspace.on_train_end                                                                                                                        	|  1.6056e-06     	|  1              	|  1.6056e-06     	|  4.1892e-07     	|
|  [Callback]SaveMigrations.on_train_end                                                                                                                                	|  1.5907e-06     	|  1              	|  1.5907e-06     	|  4.1503e-07     	|
|  [LightningModule]GlobalWorkspace.on_test_epoch_end                                                                                                                   	|  1.5609e-06     	|  1              	|  1.5609e-06     	|  4.0725e-07     	|
|  [Callback]ModelCheckpoint{'monitor': 'val/loss', 'mode': 'min', 'every_n_train_steps': 0, 'every_n_epochs': 1, 'train_time_interval': None}.on_test_start            	|  1.5497e-06     	|  1              	|  1.5497e-06     	|  4.0434e-07     	|
|  [Callback]RichModelSummary.on_train_start                                                                                                                            	|  1.5125e-06     	|  1              	|  1.5125e-06     	|  3.9462e-07     	|
|  [Callback]ModelCheckpoint{'monitor': 'val/loss', 'mode': 'min', 'every_n_train_steps': 0, 'every_n_epochs': 1, 'train_time_interval': None}.on_test_epoch_start      	|  1.505e-06      	|  1              	|  1.505e-06      	|  3.9267e-07     	|
|  [Callback]ModelCheckpoint{'monitor': 'val/loss', 'mode': 'min', 'every_n_train_steps': 0, 'every_n_epochs': 1, 'train_time_interval': None}.on_sanity_check_start    	|  1.4938e-06     	|  1              	|  1.4938e-06     	|  3.8976e-07     	|
|  [LightningModule]GlobalWorkspace.on_test_epoch_start                                                                                                                 	|  1.4864e-06     	|  1              	|  1.4864e-06     	|  3.8781e-07     	|
|  [Callback]SaveMigrations.on_test_epoch_end                                                                                                                           	|  1.3635e-06     	|  1              	|  1.3635e-06     	|  3.5574e-07     	|
|  [Callback]RichModelSummary.on_train_end                                                                                                                              	|  1.3597e-06     	|  1              	|  1.3597e-06     	|  3.5477e-07     	|
|  [Callback]ModelCheckpoint{'monitor': 'val/loss', 'mode': 'min', 'every_n_train_steps': 0, 'every_n_epochs': 1, 'train_time_interval': None}.on_fit_end               	|  1.3523e-06     	|  1              	|  1.3523e-06     	|  3.5282e-07     	|
|  [Callback]SaveMigrations.on_train_start                                                                                                                              	|  1.3374e-06     	|  1              	|  1.3374e-06     	|  3.4894e-07     	|
|  [LightningModule]GlobalWorkspace.on_fit_end                                                                                                                          	|  1.3001e-06     	|  1              	|  1.3001e-06     	|  3.3922e-07     	|
|  [Callback]RichModelSummary.on_sanity_check_end                                                                                                                       	|  1.2703e-06     	|  1              	|  1.2703e-06     	|  3.3144e-07     	|
|  [Callback]RichModelSummary.on_test_epoch_end                                                                                                                         	|  1.2666e-06     	|  1              	|  1.2666e-06     	|  3.3047e-07     	|
|  [Callback]ModelCheckpoint{'monitor': 'val/loss', 'mode': 'min', 'every_n_train_steps': 0, 'every_n_epochs': 1, 'train_time_interval': None}.on_sanity_check_end      	|  1.2629e-06     	|  1              	|  1.2629e-06     	|  3.295e-07      	|
|  [Callback]ModelCheckpoint{'monitor': 'val/loss', 'mode': 'min', 'every_n_train_steps': 0, 'every_n_epochs': 1, 'train_time_interval': None}.on_test_epoch_end        	|  1.2442e-06     	|  1              	|  1.2442e-06     	|  3.2464e-07     	|
|  [Callback]SaveMigrations.on_test_end                                                                                                                                 	|  1.2219e-06     	|  1              	|  1.2219e-06     	|  3.188e-07      	|
|  [Callback]ModelCheckpoint{'monitor': 'val/loss', 'mode': 'min', 'every_n_train_steps': 0, 'every_n_epochs': 1, 'train_time_interval': None}.on_train_end             	|  1.1697e-06     	|  1              	|  1.1697e-06     	|  3.052e-07      	|
|  [Callback]SaveMigrations.on_test_epoch_start                                                                                                                         	|  1.1548e-06     	|  1              	|  1.1548e-06     	|  3.0131e-07     	|
|  [Callback]RichProgressBar.on_fit_start                                                                                                                               	|  1.1511e-06     	|  1              	|  1.1511e-06     	|  3.0034e-07     	|
|  [Callback]RichProgressBar.on_fit_end                                                                                                                                 	|  1.1437e-06     	|  1              	|  1.1437e-06     	|  2.9839e-07     	|
|  [Callback]ModelCheckpoint{'monitor': 'val/loss', 'mode': 'min', 'every_n_train_steps': 0, 'every_n_epochs': 1, 'train_time_interval': None}.on_test_end              	|  1.1437e-06     	|  1              	|  1.1437e-06     	|  2.9839e-07     	|
|  [Callback]RichModelSummary.on_test_epoch_start                                                                                                                       	|  1.1399e-06     	|  1              	|  1.1399e-06     	|  2.9742e-07     	|
|  [Callback]SaveMigrations.on_fit_start                                                                                                                                	|  1.1139e-06     	|  1              	|  1.1139e-06     	|  2.9062e-07     	|
|  [Callback]RichProgressBar.on_test_epoch_start                                                                                                                        	|  1.1139e-06     	|  1              	|  1.1139e-06     	|  2.9062e-07     	|
|  [Callback]RichModelSummary.on_fit_end                                                                                                                                	|  1.1064e-06     	|  1              	|  1.1064e-06     	|  2.8867e-07     	|
|  [Callback]SaveMigrations.on_fit_end                                                                                                                                  	|  1.0878e-06     	|  1              	|  1.0878e-06     	|  2.8381e-07     	|
|  [Callback]RichModelSummary.on_test_end                                                                                                                               	|  1.0319e-06     	|  1              	|  1.0319e-06     	|  2.6923e-07     	|
----------------------------------------------------------------------------------------------------------------------------------------------------------------------------------------------------------------------------------------------------------------------------------
